// Jest Snapshot v1, https://goo.gl/fbAQLP

exports[`Pruebas en crear Debe mostrar el componente correctamente 1`] = `
<useUserContext
  value={
    Object {
      "user": Object {
        "userName": "userTest",
        "userPassword": "userPassword",
      },
    }
  }
>
  <ModalCreate />
</useUserContext>
`;
